<html>
<body>
<pre>
<h1>礦ision Build Log</h1>
<h2>Tool Versions:</h2>
IDE-Version: μVision V5.26.2.0
Copyright (C) 2018 ARM Ltd and ARM Germany GmbH. All rights reserved.
License Information: AAA GF, gz.ltd, LIC=4ZLTG-V0CX2-F0SN5-G7R2C-9JMC2-076L1
 
Tool Versions:
Toolchain:       MDK-ARM Professional  Version: 5.26.2.0
Toolchain Path:  D:\Program Files\mdk_arm_keil\ARM\ARMCC\Bin
C Compiler:      Armcc.exe V5.06 update 6 (build 750)
Assembler:       Armasm.exe V5.06 update 6 (build 750)
Linker/Locator:  ArmLink.exe V5.06 update 6 (build 750)
Library Manager: ArmAr.exe V5.06 update 6 (build 750)
Hex Converter:   FromElf.exe V5.06 update 6 (build 750)
CPU DLL:         SARMCM3.DLL V5.26.2.0
Dialog DLL:      DARMCM1.DLL V1.19.1.0
Target DLL:      STLink\ST-LINKIII-KEIL_SWO.dll V3.0.5.0
Dialog DLL:      TARMCM1.DLL V1.14.0.0
 
<h2>Project:</h2>
D:\hua\myproject\mywacc\reference\01-中景园电子0.96LCD显示屏技术资料\01-中景园电子0.96LCD显示屏技术资料\03-中景园电子显示屏例程\11-中景园电子0.96LCD显示屏STM32F030_SPI例程\User\STM32F030Demo.uvprojx
Project File Date:  12/30/2019

<h2>Output:</h2>
*** Using Compiler 'V5.06 update 6 (build 750)', folder: 'D:\Program Files\mdk_arm_keil\ARM\ARMCC\Bin'
Build target 'Stm32f030demo'
compiling system_stm32f0xx.c...
assembling startup_stm32f0xx.s...
compiling main.c...
compiling stm32f0xx_it.c...
compiling lcd.c...
..\HARDWARE\lcd.c(422): warning:  #177-D: variable "di"  was declared but never referenced
  	int di;
..\HARDWARE\lcd.c(558): warning:  #177-D: variable "enshow"  was declared but never referenced
  	u8 enshow=0;
..\HARDWARE\lcd.c: 2 warnings, 0 errors
compiling delay.c...
compiling stm32f0xx_gpio.c...
compiling stm32f0xx_rcc.c...
compiling stm32f0xx_misc.c...
compiling stm32f0xx_usart.c...
linking...
Program Size: Code=7552 RO-data=4944 RW-data=908 ZI-data=1636  
FromELF: creating hex file...
"..\OBJ\STM32F030Demo.axf" - 0 Error(s), 2 Warning(s).

<h2>Software Packages used:</h2>

Package Vendor: Keil
                http://www.keil.com/pack/Keil.STM32F0xx_DFP.2.0.0.pack
                Keil.STM32F0xx_DFP.2.0.0
                STMicroelectronics STM32F0 Series Device Support, Drivers and Examples

<h2>Collection of Component include folders:</h2>
  .\RTE\_Stm32f030demo
  D:\Program Files\mdk_arm_keil\ARM\PACK\Keil\STM32F0xx_DFP\2.0.0\Drivers\CMSIS\Device\ST\STM32F0xx\Include

<h2>Collection of Component Files used:</h2>
Build Time Elapsed:  00:00:06
</pre>
</body>
</html>
